// Vitest Snapshot v1, https://vitest.dev/guide/snapshot.html

exports[`Statistic 1`] = `
{
  "foo": Any<Set>,
}
`;

exports[`forum list items 1`] = `
{
  "foo": Any<Set>,
}
`;
